11:15:09 **** Incremental Build of configuration Debug for project LE_ESCREVE_1 ****
make -j12 all 
arm-none-eabi-gcc "../Core/Src/main.c" -mcpu=cortex-m3 -std=gnu11 -g3 -DDEBUG -DUSE_HAL_DRIVER -DSTM32F103xB -c -I../Core/Inc -I../Drivers/STM32F1xx_HAL_Driver/Inc -I../Drivers/STM32F1xx_HAL_Driver/Inc/Legacy -I../Drivers/CMSIS/Device/ST/STM32F1xx/Include -I../Drivers/CMSIS/Include -O0 -ffunction-sections -fdata-sections -Wall -fstack-usage -MMD -MP -MF"Core/Src/main.d" -MT"Core/Src/main.o" --specs=nano.specs -mfloat-abi=soft -mthumb -o "Core/Src/main.o"
arm-none-eabi-gcc -o "LE_ESCREVE_1.elf" @"objects.list"   -mcpu=cortex-m3 -T"D:\OneDrive\Documentos\Programas_STM32\Le_escreve_1\LE_ESCREVE_1\STM32F103C8TX_FLASH.ld" --specs=nosys.specs -Wl,-Map="LE_ESCREVE_1.map" -Wl,--gc-sections -static --specs=nano.specs -mfloat-abi=soft -mthumb -Wl,--start-group -lc -lm -Wl,--end-group
Finished building target: LE_ESCREVE_1.elf
 
arm-none-eabi-objdump -h -S  LE_ESCREVE_1.elf  > "LE_ESCREVE_1.list"
arm-none-eabi-objcopy  -O binary  LE_ESCREVE_1.elf  "LE_ESCREVE_1.bin"
arm-none-eabi-size   LE_ESCREVE_1.elf 
   text	   data	    bss	    dec	    hex	filename
   4728	     20	   1572	   6320	   18b0	LE_ESCREVE_1.elf
Finished building: default.size.stdout
Finished building: LE_ESCREVE_1.bin
Finished building: LE_ESCREVE_1.list
 
 
 

11:15:12 Build Finished. 0 errors, 0 warnings. (took 3s.297ms)

